ASSERTION	AAEDAAEFAAAAAAAAwFdAAwAAAAAAAHCnQA==
ASSERTION	AAEDAAEFAAAAAAAAwFhAAwAAAAAAAIizQA==
ASSERTION	AAEDAAEDAwAAAAAAAECfQA==
ASSERTION	AAEDAAECAwAAAAAAAIjDQA==
ASSERTION	AAECAAIEAAAAAAAAwFhA
ASSERTION	AAEBAAMDAAAAAAAAACRA
ASSERTION	AAIDAAEFAAAAAAAAwFdAAwAAAAAAAHCnQA==
RUN	simulations.timesheet.tasks.EmployeeTaskLogSimulation	employeetasklogsimulation	1790592343341	 	3.11.5
USER	Employee logs every task variety	START	1790592344885
REQUEST		Timesheet | Open login	1790592344894	1790592345360	OK	 
REQUEST		Timesheet | Sign in	1790592345413	1790592346342	OK	 
REQUEST		Timesheet | Sign in Redirect 1	1790592346347	1790592346749	OK	 
REQUEST		Timesheet | Open entry	1790592346766	1790592347049	OK	 
REQUEST		Timesheet | Log Gatling scenario design	1790592347083	1790592347381	OK	 
REQUEST		Timesheet | Open entry	1790592347387	1790592347705	OK	 
REQUEST		Timesheet | Log Timesheet environment check	1790592347719	1790592348019	OK	 
REQUEST		Timesheet | Open entry	1790592348022	1790592348304	OK	 
REQUEST		Timesheet | Log Approval flow support	1790592348317	1790592348624	OK	 
REQUEST		Timesheet | Open entry	1790592348627	1790592349045	OK	 
REQUEST		Timesheet | Log Load profile review	1790592349054	1790592349354	OK	 
USER	Employee logs every task variety	END	1790592349358
