ASSERTION	AAEDAAEFAAAAAAAAwFdAAwAAAAAAAHCnQA==
ASSERTION	AAEDAAEFAAAAAAAAwFhAAwAAAAAAAIizQA==
ASSERTION	AAEDAAEDAwAAAAAAAECfQA==
ASSERTION	AAEDAAECAwAAAAAAAIjDQA==
ASSERTION	AAECAAIEAAAAAAAAwFhA
ASSERTION	AAEBAAMDAAAAAAAAACRA
ASSERTION	AAIDAAEFAAAAAAAAwFdAAwAAAAAAAHCnQA==
RUN	simulations.timesheet.tasks.EmployeeTaskLogSimulation	employeetasklogsimulation	1790592152564	 	3.11.5
USER	Employee logs every task variety	START	1790592154086
REQUEST		Timesheet | Open login	1790592154092	1790592154497	OK	 
REQUEST		Timesheet | Sign in	1790592154544	1790592155437	OK	 
REQUEST		Timesheet | Sign in Redirect 1	1790592155439	1790592156126	OK	 
REQUEST		Timesheet | Open entry	1790592156129	1790592156557	OK	 
REQUEST		Timesheet | Log Gatling scenario design	1790592156591	1790592156922	OK	 
REQUEST		Timesheet | Open entry	1790592156924	1790592157229	OK	 
REQUEST		Timesheet | Log Timesheet environment check	1790592157243	1790592157554	OK	 
REQUEST		Timesheet | Open entry	1790592157555	1790592157924	OK	 
REQUEST		Timesheet | Log Approval flow support	1790592157935	1790592158244	OK	 
REQUEST		Timesheet | Open entry	1790592158245	1790592158624	OK	 
REQUEST		Timesheet | Log Load profile review	1790592158634	1790592158962	OK	 
USER	Employee logs every task variety	END	1790592158966
